(Mycoplasma_agalactiae_5632_FP671138_gi|290752452|emb|CBH40424.1|:0.47292,Mycoplasma_hyopneumoniae_AE017243_gi|71851720|gb|AAZ44328.1|:0.47292);
