(Mycoplasma_genitalium_uid97_L43967_gi|1045740|gb|AAC71283.1|:0.52700,Mycoplasma_genitalium_uid97_L43967_gi|3845064|gb|AAC72489.1|:0.66401,(Mycoplasma_agalactiae_5632_FP671138_gi|290753081|emb|CBH41057.1|:0.46649,Mycoplasma_hyopneumoniae_AE017243_gi|144227640|gb|AAZ44535.2|:0.44340)1.000:0.41834);
