(Mycoplasma_hyopneumoniae_AE017243_gi|144227422|gb|AAZ44103.2|:0.44913,Mycoplasma_genitalium_uid97_L43967_gi|3845013|gb|AAC71647.1|:1.27883,Mycoplasma_agalactiae_5632_FP671138_gi|290753003|emb|CBH40979.1|:0.60387);
