(Mycoplasma_hyopneumoniae_AE017243_gi|71851687|gb|AAZ44295.1|:0.79415,Mycoplasma_agalactiae_5632_FP671138_gi|290752696|emb|CBH40670.1|:0.79415);
