((Mycoplasma_hyopneumoniae_AE017243_gi|144227479|gb|AAZ44222.2|:0.76307,Mycoplasma_agalactiae_5632_FP671138_gi|290752697|emb|CBH40671.1|:0.78598)1.000:1.04101,(Mycoplasma_genitalium_uid97_L43967_gi|3845036|gb|AAC72463.1|:0.60716,Mycoplasma_agalactiae_5632_FP671138_gi|290753074|emb|CBH41050.1|:1.01293)0.781:0.10569,(Mycoplasma_genitalium_uid97_L43967_gi|3845025|gb|AAC72453.1|:0.65296,Mycoplasma_agalactiae_5632_FP671138_gi|290752376|emb|CBH40347.1|:0.81650)0.911:0.15447);
