(Mycoplasma_genitalium_uid97_L43967_gi|3844912|gb|AAC71556.1|:1.38194,Mycoplasma_hyopneumoniae_AE017243_gi|71851949|gb|AAZ44557.1|:0.47031,Mycoplasma_agalactiae_5632_FP671138_gi|290752982|emb|CBH40958.1|:0.44329);
