(Mycoplasma_agalactiae_5632_FP671138_gi|290753008|emb|CBH40984.1|:0.86156,Mycoplasma_hyopneumoniae_AE017243_gi|71851733|gb|AAZ44341.1|:0.86156);
