(Mycoplasma_agalactiae_5632_FP671138_gi|290752570|emb|CBH40542.1|:0.84729,Mycoplasma_hyopneumoniae_AE017243_gi|144227654|gb|AAZ44565.2|:0.84729);
