(Mycoplasma_agalactiae_5632_FP671138_gi|290752709|emb|CBH40683.1|:0.46807,Mycoplasma_hyopneumoniae_AE017243_gi|144227528|gb|AAZ44326.2|:0.51358,Mycoplasma_genitalium_uid97_L43967_gi|3844646|gb|AAC71252.1|:0.92684);
