(Mycoplasma_agalactiae_5632_FP671138_gi|290752280|emb|CBH40251.1|:0.33455,Mycoplasma_hyopneumoniae_AE017243_gi|144227723|gb|AAZ44691.2|:0.48257,Mycoplasma_genitalium_uid97_L43967_gi|3844709|gb|AAC71337.1|:0.59062);
