(Mycoplasma_agalactiae_5632_FP671138_gi|290752715|emb|CBH40689.1|:0.14441,Mycoplasma_hyopneumoniae_AE017243_gi|71852126|gb|AAZ44734.1|:0.34308,Mycoplasma_genitalium_uid97_L43967_gi|3845010|gb|AAC71644.1|:1.06865);
