(Mycoplasma_genitalium_uid97_L43967_gi|1045675|gb|AAC71223.1|:1.36292,Mycoplasma_agalactiae_5632_FP671138_gi|290753006|emb|CBH40982.1|:1.31633,Mycoplasma_hyopneumoniae_AE017243_gi|144227538|gb|AAZ44343.2|:0.44864);
