(Mycoplasma_hyopneumoniae_AE017243_gi|71852058|gb|AAZ44666.1|:0.86218,Mycoplasma_genitalium_uid97_L43967_gi|1045955|gb|AAC71483.1|:1.00459,Mycoplasma_agalactiae_5632_FP671138_gi|290752426|emb|CBH40397.1|:0.58770);
