(Mycoplasma_genitalium_uid97_L43967_gi|3844785|gb|AAC71407.1|:0.50875,Mycoplasma_agalactiae_5632_FP671138_gi|290752788|emb|CBH40763.1|:0.63043,Mycoplasma_hyopneumoniae_AE017243_gi|144227600|gb|AAZ44454.2|:0.47592);
