(Mycoplasma_agalactiae_5632_FP671138_gi|290752601|emb|CBH40573.1|:0.15208,Mycoplasma_hyopneumoniae_AE017243_gi|71852002|gb|AAZ44610.1|:0.12084,Mycoplasma_genitalium_uid97_L43967_gi|3845045|gb|AAC72471.1|:0.25317);
