(Mycoplasma_genitalium_uid97_L43967_gi|3844988|gb|AAC71624.1|:0.96209,Mycoplasma_agalactiae_5632_FP671138_gi|290752378|emb|CBH40349.1|:0.50363,Mycoplasma_hyopneumoniae_AE017243_gi|71852054|gb|AAZ44662.1|:0.24651);
