(Mycoplasma_hyopneumoniae_AE017243_gi|144227739|gb|AAZ44724.2|:0.57621,Mycoplasma_agalactiae_5632_FP671138_gi|290752304|emb|CBH40275.1|:0.59137,Mycoplasma_genitalium_uid97_L43967_gi|3844851|gb|AAC71473.1|:0.87307);
