(Mycoplasma_hyopneumoniae_AE017243_gi|144227419|gb|AAZ44098.2|:0.61285,Mycoplasma_agalactiae_5632_FP671138_gi|290752434|emb|CBH40405.1|:0.61285);
