(Mycoplasma_agalactiae_5632_FP671138_gi|290752908|emb|CBH40883.1|:0.27253,Mycoplasma_hyopneumoniae_AE017243_gi|144227714|gb|AAZ44678.2|:0.20197,Mycoplasma_genitalium_uid97_L43967_gi|3844916|gb|AAC71560.1|:0.52665);
