(Mycoplasma_hyopneumoniae_AE017243_gi|144227664|gb|AAZ44583.2|:0.38267,Mycoplasma_agalactiae_5632_FP671138_gi|290752994|emb|CBH40970.1|:0.38267);
