(Mycoplasma_genitalium_uid97_L43967_gi|84626144|gb|AAC71275.2|:0.73290,Mycoplasma_hyopneumoniae_AE017243_gi|144227744|gb|AAZ44737.2|:0.33320,Mycoplasma_agalactiae_5632_FP671138_gi|290752446|emb|CBH40417.1|:0.39944);
