(Mycoplasma_hyopneumoniae_AE017243_gi|71851523|gb|AAZ44131.1|:0.36565,Mycoplasma_genitalium_uid97_L43967_gi|3844973|gb|AAC71611.1|:1.07910,Mycoplasma_agalactiae_5632_FP671138_gi|290752792|emb|CBH40767.1|:0.42430);
