(Mycoplasma_genitalium_uid97_L43967_gi|3844929|gb|AAC71571.1|:1.12059,Mycoplasma_hyopneumoniae_AE017243_gi|144227485|gb|AAZ44230.2|:0.30631,Mycoplasma_agalactiae_5632_FP671138_gi|290752351|emb|CBH40322.1|:0.38686);
