(Mycoplasma_hyopneumoniae_AE017243_gi|144227601|gb|AAZ44455.2|:0.36504,Mycoplasma_agalactiae_5632_FP671138_gi|290752789|emb|CBH40764.1|:0.70296,Mycoplasma_genitalium_uid97_L43967_gi|84626157|gb|AAC71408.2|:0.56597);
