(Mycoplasma_hyopneumoniae_AE017243_gi|144227449|gb|AAZ44155.2|:0.76736,Mycoplasma_hyopneumoniae_AE017243_gi|71852131|gb|AAZ44739.1|:0.84083,(Mycoplasma_hyopneumoniae_AE017243_gi|144227678|gb|AAZ44609.2|:0.70796,(Mycoplasma_agalactiae_5632_FP671138_gi|290752910|emb|CBH40885.1|:1.14401,Mycoplasma_agalactiae_5632_FP671138_gi|290752911|emb|CBH40886.1|:0.65476)1.000:0.53182)0.924:0.16483);
