(Mycoplasma_hyopneumoniae_AE017243_gi|71851637|gb|AAZ44245.1|:0.78889,Mycoplasma_genitalium_uid97_L43967_gi|84626130|gb|AAC71615.2|:1.33947,Mycoplasma_agalactiae_5632_FP671138_gi|290752381|emb|CBH40352.1|:0.69039);
