(Mycoplasma_gallisepticum_uid409_AE015450_gi|284812099|gb|AAP56769.2|:0.40020,Mycoplasma_genitalium_uid97_L43967_gi|3844802|gb|AAC71422.1|:0.75185,(Mycoplasma_agalactiae_5632_FP671138_gi|290752441|emb|CBH40412.1|:0.73179,(Mycoplasma_agalactiae_5632_FP671138_gi|290752858|emb|CBH40833.1|:0.39120,(Mycoplasma_genitalium_uid97_L43967_gi|1045672|gb|AAC71220.1|:0.32323,Mycoplasma_gallisepticum_uid409_AE015450_gi|31541774|gb|AAP57073.1|:0.28804)0.999:0.23877)1.000:0.57892)0.999:0.21900);
