(Mycoplasma_agalactiae_5632_FP671138_gi|290752566|emb|CBH40538.1|:0.48033,Mycoplasma_agalactiae_5632_FP671138_gi|290752539|emb|CBH40511.1|:0.33816,(Mycoplasma_agalactiae_5632_FP671138_gi|290752565|emb|CBH40537.1|:0.28801,(Mycoplasma_gallisepticum_uid409_AE015450_gi|284812274|gb|AAP57044.2|:0.14252,Mycoplasma_gallisepticum_uid409_AE015450_gi|284812288|gb|AAP57057.2|:0.07266)1.000:1.47068)0.944:0.16077);
