	Mycoplasma_agalactiae_5632_FP671138.faa	Mycoplasma_genitalium_uid97_L43967.faa	Mycoplasma_hyopneumoniae_AE017243.faa	Mycoplasma_gallisepticum_uid409_AE015450.faa
Mycoplasma_agalactiae_5632_FP671138.faa	430	302	389	358
Mycoplasma_genitalium_uid97_L43967.faa	302	392	294	383
Mycoplasma_hyopneumoniae_AE017243.faa	389	294	416	344
Mycoplasma_gallisepticum_uid409_AE015450.faa	358	383	344	459
